==============================================================================
Tests                                                                         
==============================================================================
Tests.apiTests                                                                
==============================================================================
Tests.apiTests.testDemoAPI                                                    
==============================================================================
Play around with Dictionary                                           | PASS |
------------------------------------------------------------------------------
Add Book into Library Database                                        | PASS |
------------------------------------------------------------------------------
Get Book from Library Database                                        | PASS |
------------------------------------------------------------------------------
Delete a book from Library Database                                   | PASS |
------------------------------------------------------------------------------
Tests.apiTests.testDemoAPI                                            | PASS |
4 tests, 4 passed, 0 failed
==============================================================================
Tests.apiTests                                                        | PASS |
4 tests, 4 passed, 0 failed
==============================================================================
Tests                                                                 | PASS |
4 tests, 4 passed, 0 failed
==============================================================================
Output:  /Users/jaredsalinas/PycharmProjects/RobotFrameworkDemo/tests/pabot_results/1/output.xml
