==============================================================================
Tests                                                                         
==============================================================================
Tests.testDemo7PO :: To validate the Login form                               
==============================================================================
Validate unsuccessfull login                                          | PASS |
------------------------------------------------------------------------------
Validate order is created                                             | PASS |
------------------------------------------------------------------------------
Validate navigate to child window                                     | PASS |
------------------------------------------------------------------------------
Tests.testDemo7PO :: To validate the Login form                       | PASS |
3 tests, 3 passed, 0 failed
==============================================================================
Tests                                                                 | PASS |
3 tests, 3 passed, 0 failed
==============================================================================
Output:  /Users/jaredsalinas/PycharmProjects/RobotFrameworkDemo/tests/pabot_results/0/output.xml
