==============================================================================
Tests                                                                         
==============================================================================
Tests.testDemo1 :: To validate the Login form                                 
==============================================================================
Validate Unsuccessful Login                                           | PASS |
------------------------------------------------------------------------------
Tests.testDemo1 :: To validate the Login form                         | PASS |
1 test, 1 passed, 0 failed
==============================================================================
Tests                                                                 | PASS |
1 test, 1 passed, 0 failed
==============================================================================
Output:  /Users/jaredsalinas/PycharmProjects/RobotFrameworkDemo/tests/pabot_results/2/output.xml
