==============================================================================
Tests                                                                         
==============================================================================
Tests.testDemo4 :: To validate the Login form                                 
==============================================================================
Invalid username                                                      | PASS |
------------------------------------------------------------------------------
Invalid password                                                      | PASS |
------------------------------------------------------------------------------
Special characters                                                    | PASS |
------------------------------------------------------------------------------
Blank spaces                                                          | PASS |
------------------------------------------------------------------------------
Tests.testDemo4 :: To validate the Login form                         | PASS |
4 tests, 4 passed, 0 failed
==============================================================================
Tests                                                                 | PASS |
4 tests, 4 passed, 0 failed
==============================================================================
Output:  /Users/jaredsalinas/PycharmProjects/RobotFrameworkDemo/tests/pabot_results/5/output.xml
