==============================================================================
Tests                                                                         
==============================================================================
Tests.testDemo5CSV :: To validate the Login form                              
==============================================================================
Invalid username                                                      | PASS |
------------------------------------------------------------------------------
Invalid password                                                      | PASS |
------------------------------------------------------------------------------
Special characters                                                    | PASS |
------------------------------------------------------------------------------
Blank spaces                                                          | PASS |
------------------------------------------------------------------------------
[Tags]                                                                | PASS |
------------------------------------------------------------------------------
Tests.testDemo5CSV :: To validate the Login form                      | PASS |
5 tests, 5 passed, 0 failed
==============================================================================
Tests                                                                 | PASS |
5 tests, 5 passed, 0 failed
==============================================================================
Output:  /Users/jaredsalinas/PycharmProjects/RobotFrameworkDemo/tests/pabot_results/6/output.xml
